// Jest Snapshot v1, https://goo.gl/fbAQLP

exports[`Problem Service (Unit) filtering list of Problems based on user answers filters answered question 1`] = `
Array [
  Object {
    "Answers": Array [
      Object {
        "ProblemId": 2,
        "createdAt": "2019-09-28T01:43:12.399Z",
        "id": 1,
        "updatedAt": "2019-09-28T01:43:12.401Z",
        "username": "meksi",
      },
    ],
    "createdAt": "2019-09-28T01:42:29.350Z",
    "createdBy": "tonda",
    "id": 2,
    "query": "2 + 2",
    "type": "expression",
    "updatedAt": "2019-09-28T01:42:29.350Z",
  },
]
`;

exports[`Problem Service (Unit) filtering list of Problems based on user answers filters unanswered question 1`] = `
Array [
  Object {
    "Answers": Array [],
    "createdAt": "2019-09-28T01:42:28.024Z",
    "createdBy": "tonda",
    "id": 1,
    "query": "U WOT M8?",
    "type": "riddle",
    "updatedAt": "2019-09-28T01:42:28.024Z",
  },
  Object {
    "Answers": Array [],
    "createdAt": "2019-09-28T01:43:05.504Z",
    "createdBy": "tonda",
    "id": 3,
    "query": "What time is it?",
    "type": "riddle",
    "updatedAt": "2019-09-28T01:43:05.504Z",
  },
]
`;
